class StackTest {
    @Test
    public void topIsLastPushedValue() {
        fail("Not implemented");
    }
}
