class StackTest {
    @Test
    public void topIsLastPushedValue() {
    }
}
